\BOOKMARK [1][-]{section.1}{\376\377\016\032\016\027\016\031\016\063}{}% 1
\BOOKMARK [2][-]{subsection.1.1}{\376\377\016\047\016\061\016\025\016\026\016\070\016\033\016\043\016\060\016\052\016\007\016\004\016\114\016\002\016\055\016\007\016\001\016\062\016\043\016\050\016\066\016\001\016\051\016\062}{section.1}% 2
\BOOKMARK [2][-]{subsection.1.2}{\376\377\016\002\016\055\016\032\016\100\016\002\016\025\016\001\016\062\016\043\016\050\016\066\016\001\016\051\016\062}{section.1}% 3
\BOOKMARK [2][-]{subsection.1.3}{\376\377\016\004\016\063\016\010\016\063\016\001\016\061\016\024\016\004\016\047\016\062\016\041\016\052\016\063\016\004\016\061\016\015}{section.1}% 4
\BOOKMARK [2][-]{subsection.1.4}{\376\377\016\043\016\060\016\100\016\032\016\065\016\042\016\032\016\047\016\064\016\030\016\065\016\001\016\062\016\043\016\050\016\066\016\001\016\051\016\062}{section.1}% 5
\BOOKMARK [2][-]{subsection.1.5}{\376\377\016\033\016\043\016\060\016\102\016\042\016\012\016\031\016\114\016\027\016\065\016\110\016\004\016\062\016\024\016\047\016\110\016\062\016\010\016\060\016\104\016\024\016\111\016\043\016\061\016\032}{section.1}% 6
\BOOKMARK [2][-]{subsection.1.6}{\376\377\016\102\016\004\016\043\016\007\016\052\016\043\016\111\016\062\016\007\016\002\016\055\016\007\016\043\016\062\016\042\016\007\016\062\016\031}{section.1}% 7
\BOOKMARK [1][-]{section.2}{\376\377\016\001\016\062\016\043\016\027\016\032\016\027\016\047\016\031\016\047\016\043\016\043\016\023\016\001\016\043\016\043\016\041\016\027\016\065\016\110\016\100\016\001\016\065\016\110\016\042\016\047\016\002\016\111\016\055\016\007}{}% 8
\BOOKMARK [2][-]{subsection.2.1}{\376\377\016\101\016\031\016\047\016\004\016\064\016\024\016\101\016\045\016\060\016\031\016\064\016\042\016\062\016\041\016\053\016\070\016\110\016\031\016\042\016\031\016\025\016\114\016\055\016\100\016\031\016\001\016\033\016\043\016\060\016\052\016\007\016\004\016\114}{section.2}% 9
\BOOKMARK [2][-]{subsection.2.2}{\376\377\016\052\016\026\016\062\016\033\016\061\016\025\016\042\016\001\016\043\016\043\016\041\016\101\016\045\016\060\016\001\016\062\016\043\016\055\016\055\016\001\016\101\016\032\016\032\016\043\016\060\016\032\016\032}{section.2}% 10
\BOOKMARK [2][-]{subsection.2.3}{\376\377\016\100\016\027\016\004\016\102\016\031\016\102\016\045\016\042\016\065\016\053\016\045\016\061\016\001\016\101\016\045\016\060\016\043\016\060\016\032\016\032\016\004\016\047\016\032\016\004\016\070\016\041}{section.2}% 11
\BOOKMARK [2][-]{subsection.2.4}{\376\377\016\001\016\062\016\043\016\033\016\043\016\060\016\042\016\070\016\001\016\025\016\114\016\103\016\012\016\111\016\103\016\031\016\040\016\062\016\004\016\055\016\070\016\025\016\052\016\062\016\053\016\001\016\043\016\043\016\041}{section.2}% 12
\BOOKMARK [2][-]{subsection.2.5}{\376\377\016\012\016\110\016\055\016\007\016\047\016\110\016\062\016\007\016\004\016\047\016\062\016\041\016\043\016\071\016\111\016\101\016\045\016\060\016\101\016\031\016\047\016\027\016\062\016\007\016\001\016\062\016\043\016\047\016\064\016\010\016\061\016\042}{section.2}% 13
\BOOKMARK [1][-]{section.3}{\376\377\016\043\016\060\016\100\016\032\016\065\016\042\016\032\016\047\016\064\016\030\016\065\016\047\016\064\016\010\016\061\016\042}{}% 14
\BOOKMARK [2][-]{subsection.3.1}{\376\377\016\101\016\031\016\047\016\027\016\062\016\007\016\001\016\062\016\043\016\050\016\066\016\001\016\051\016\062}{section.3}% 15
\BOOKMARK [2][-]{subsection.3.2}{\376\377\016\001\016\062\016\043\016\043\016\047\016\032\016\043\016\047\016\041\016\002\016\111\016\055\016\041\016\071\016\045}{section.3}% 16
\BOOKMARK [2][-]{subsection.3.3}{\376\377\016\100\016\001\016\023\016\021\016\114\016\001\016\062\016\043\016\004\016\061\016\024\016\100\016\045\016\067\016\055\016\001\016\101\016\053\016\045\016\110\016\007\016\002\016\111\016\055\016\041\016\071\016\045}{section.3}% 17
\BOOKMARK [2][-]{subsection.3.4}{\376\377\016\001\016\062\016\043\016\047\016\064\016\100\016\004\016\043\016\062\016\060\016\053\016\114\016\101\016\045\016\060\016\052\016\061\016\007\016\100\016\004\016\043\016\062\016\060\016\053\016\114\016\002\016\111\016\055\016\041\016\071\016\045}{section.3}% 18
\BOOKMARK [2][-]{subsection.3.5}{\376\377\016\002\016\111\016\055\016\010\016\063\016\001\016\061\016\024\016\002\016\055\016\007\016\001\016\062\016\043\016\050\016\066\016\001\016\051\016\062}{section.3}% 19
\BOOKMARK [1][-]{section.4}{\376\377\016\034\016\045\016\001\016\062\016\043\016\050\016\066\016\001\016\051\016\062\016\101\016\045\016\060\016\001\016\062\016\043\016\047\016\064\016\100\016\004\016\043\016\062\016\060\016\053\016\114}{}% 20
\BOOKMARK [2][-]{subsection.4.1}{\376\377\016\001\016\062\016\043\016\047\016\064\016\100\016\004\016\043\016\062\016\060\016\053\016\114\016\100\016\012\016\064\016\007\016\100\016\033\016\043\016\065\016\042\016\032\016\100\016\027\016\065\016\042\016\032\016\100\016\027\016\004\016\102\016\031\016\102\016\045\016\042\016\065}{section.4}% 21
\BOOKMARK [2][-]{subsection.4.2}{\376\377\016\001\016\062\016\043\016\033\016\043\016\060\016\100\016\041\016\064\016\031\016\033\016\043\016\060\016\052\016\064\016\027\016\030\016\064\016\040\016\062\016\036\016\101\016\045\016\060\016\002\016\111\016\055\016\010\016\063\016\001\016\061\016\024}{section.4}% 22
\BOOKMARK [2][-]{subsection.4.3}{\376\377\016\101\016\031\016\047\016\102\016\031\016\111\016\041\016\001\016\062\016\043\016\036\016\061\016\022\016\031\016\062\016\101\016\045\016\060\016\027\016\064\016\050\016\027\016\062\016\007\016\055\016\031\016\062\016\004\016\025}{section.4}% 23
\BOOKMARK [2][-]{subsection.4.4}{\376\377\016\004\016\047\016\062\016\041\016\027\016\111\016\062\016\027\016\062\016\042\016\101\016\045\016\060\016\033\016\061\016\010\016\010\016\061\016\042\016\052\016\063\016\004\016\061\016\015}{section.4}% 24
\BOOKMARK [2][-]{subsection.4.5}{\376\377\016\001\016\043\016\055\016\032\016\101\016\031\016\047\016\004\016\064\016\024\016\100\016\012\016\064\016\007\016\032\016\071\016\043\016\023\016\062\016\001\016\062\016\043}{section.4}% 25
\BOOKMARK [1][-]{section.5}{\376\377\016\001\016\062\016\043\016\055\016\040\016\064\016\033\016\043\016\062\016\042\016\034\016\045}{}% 26
\BOOKMARK [2][-]{subsection.5.1}{\376\377\016\001\016\062\016\043\016\055\016\040\016\064\016\033\016\043\016\062\016\042\016\034\016\045\016\001\016\062\016\043\016\047\016\064\016\100\016\004\016\043\016\062\016\060\016\053\016\114}{section.5}% 27
\BOOKMARK [2][-]{subsection.5.2}{\376\377\016\034\016\045\016\001\016\043\016\060\016\027\016\032\016\025\016\110\016\055\016\040\016\062\016\004\016\055\016\070\016\025\016\052\016\062\016\053\016\001\016\043\016\043\016\041}{section.5}% 28
\BOOKMARK [2][-]{subsection.5.3}{\376\377\016\002\016\111\016\055\016\100\016\052\016\031\016\055\016\101\016\031\016\060\016\100\016\012\016\064\016\007\016\031\016\102\016\042\016\032\016\062\016\042\016\101\016\045\016\060\016\001\016\062\016\043\016\033\016\017\016\064\016\032\016\061\016\025\016\064}{section.5}% 29
\BOOKMARK [2][-]{subsection.5.4}{\376\377\016\002\016\111\016\055\016\010\016\063\016\001\016\061\016\024\016\101\016\045\016\060\016\002\016\111\016\055\016\004\016\047\016\043\016\043\016\060\016\047\016\061\016\007}{section.5}% 30
\BOOKMARK [1][-]{section.6}{\376\377\016\052\016\043\016\070\016\033\016\101\016\045\016\060\016\002\016\111\016\055\016\100\016\052\016\031\016\055\016\101\016\031\016\060}{}% 31
\BOOKMARK [2][-]{subsection.6.1}{\376\377\016\052\016\043\016\070\016\033\016\034\016\045\016\001\016\062\016\043\016\050\016\066\016\001\016\051\016\062}{section.6}% 32
\BOOKMARK [2][-]{subsection.6.2}{\376\377\016\002\016\111\016\055\016\100\016\052\016\031\016\055\016\101\016\031\016\060\016\052\016\063\016\053\016\043\016\061\016\032\016\001\016\062\016\043\016\047\016\064\016\010\016\061\016\042\016\025\016\110\016\055\016\104\016\033}{section.6}% 33
\BOOKMARK [2][-]{subsection.6.3}{\376\377\016\002\016\111\016\055\016\100\016\052\016\031\016\055\016\101\016\031\016\060\016\052\016\063\016\053\016\043\016\061\016\032\016\001\016\062\016\043\016\031\016\063\016\104\016\033\016\033\016\043\016\060\016\042\016\070\016\001\016\025\016\114\016\103\016\012\016\111}{section.6}% 34
\BOOKMARK [2][-]{subsection.6.4}{\376\377\016\004\016\063\016\052\016\070\016\024\016\027\016\111\016\062\016\042}{section.6}% 35
\BOOKMARK [1][-]{appendix.A}{\376\377\016\040\016\062\016\004\016\034\016\031\016\047\016\001\000\040\016\001\000:\000\040\016\004\016\063\016\050\016\061\016\036\016\027\016\114\016\100\016\027\016\004\016\031\016\064\016\004}{}% 36
\BOOKMARK [1][-]{appendix.B}{\376\377\016\040\016\062\016\004\016\034\016\031\016\047\016\001\000\040\016\002\000:\000\040\016\025\016\062\016\043\016\062\016\007\016\100\016\033\016\043\016\065\016\042\016\032\016\100\016\027\016\065\016\042\016\032\016\100\016\027\016\004\016\102\016\031\016\102\016\045\016\042\016\065}{}% 37
\BOOKMARK [2][-]{subsection.B.1}{\376\377\016\025\016\062\016\043\016\062\016\007\016\027\016\065\016\110\000\040\0001\000:\000\040\016\001\016\062\016\043\016\100\016\033\016\043\016\065\016\042\016\032\016\100\016\027\016\065\016\042\016\032\016\033\016\043\016\060\016\100\016\040\016\027\016\053\016\070\016\110\016\031\016\042\016\031\016\025\016\114\016\055\016\100\016\031\016\001\016\033\016\043\016\060\016\052\016\007\016\004\016\114}{appendix.B}% 38
\BOOKMARK [2][-]{subsection.B.2}{\376\377\016\025\016\062\016\043\016\062\016\007\016\027\016\065\016\110\000\040\0002\000:\000\040\016\001\016\062\016\043\016\100\016\033\016\043\016\065\016\042\016\032\016\100\016\027\016\065\016\042\016\032\016\100\016\027\016\004\016\102\016\031\016\102\016\045\016\042\016\065\016\053\016\045\016\061\016\001\016\002\016\055\016\007\016\053\016\070\016\110\016\031\016\042\016\031\016\025\016\114\016\055\016\100\016\031\016\001\016\033\016\043\016\060\016\052\016\007\016\004\016\114}{appendix.B}% 39
\BOOKMARK [2][-]{subsection.B.3}{\376\377\016\025\016\062\016\043\016\062\016\007\016\027\016\065\016\110\000\040\0003\000:\000\040\016\001\016\062\016\043\016\100\016\033\016\043\016\065\016\042\016\032\016\100\016\027\016\065\016\042\016\032\016\001\016\062\016\043\016\033\016\043\016\060\016\042\016\070\016\001\016\025\016\114\016\103\016\012\016\111\016\103\016\031\016\040\016\062\016\004\016\055\016\070\016\025\016\052\016\062\016\053\016\001\016\043\016\043\016\041}{appendix.B}% 40
\BOOKMARK [2][-]{subsection.B.4}{\376\377\016\025\016\062\016\043\016\062\016\007\016\027\016\065\016\110\000\040\0004\000:\000\040\016\001\016\062\016\043\016\047\016\064\016\100\016\004\016\043\016\062\016\060\016\053\016\114\000\040\000S\000W\000O\000T\000\040\016\002\016\055\016\007\016\053\016\070\016\110\016\031\016\042\016\031\016\025\016\114\016\055\016\100\016\031\016\001\016\033\016\043\016\060\016\052\016\007\016\004\016\114}{appendix.B}% 41
\BOOKMARK [2][-]{subsection.B.5}{\376\377\016\025\016\062\016\043\016\062\016\007\016\027\016\065\016\110\000\040\0005\000:\000\040\016\100\016\041\016\025\016\043\016\064\016\001\016\001\016\062\016\043\016\033\016\043\016\060\016\100\016\041\016\064\016\031\016\033\016\043\016\060\016\052\016\064\016\027\016\030\016\064\016\040\016\062\016\036}{appendix.B}% 42
\BOOKMARK [2][-]{subsection.B.6}{\376\377\016\025\016\062\016\043\016\062\016\007\016\027\016\065\016\110\000\040\0006\000:\000\040\016\101\016\034\016\031\016\001\016\062\016\043\016\036\016\061\016\022\016\031\016\062\016\100\016\027\016\004\016\102\016\031\016\102\016\045\016\042\016\065\000\040\000\050\000T\000e\000c\000h\000n\000o\000l\000o\000g\000y\000\040\000R\000o\000a\000d\000m\000a\000p\000\051}{appendix.B}% 43
\BOOKMARK [2][-]{subsection.B.7}{\376\377\016\025\016\062\016\043\016\062\016\007\016\027\016\065\016\110\000\040\0007\000:\000\040\016\100\016\001\016\023\016\021\016\114\016\001\016\062\016\043\016\033\016\043\016\060\016\100\016\041\016\064\016\031\016\101\016\045\016\060\016\041\016\062\016\025\016\043\016\020\016\062\016\031}{appendix.B}% 44
\BOOKMARK [2][-]{subsection.B.8}{\376\377\016\025\016\062\016\043\016\062\016\007\016\027\016\065\016\110\000\040\0008\000:\000\040\016\101\016\031\016\047\016\027\016\062\016\007\016\001\016\062\016\043\016\036\016\061\016\022\016\031\016\062\016\027\016\043\016\061\016\036\016\042\016\062\016\001\016\043\016\041\016\031\016\070\016\051\016\042\016\114}{appendix.B}% 45
